
> fantasy-war-room@1.0.0 test:browser
> npm run build:preview && node scripts/run-browser-tests.cjs


> fantasy-war-room@1.0.0 build:preview
> npm run sync:shared && node scripts/build-preview.cjs


> fantasy-war-room@1.0.0 sync:shared
> node scripts/sync-reconai-shared.cjs

[sync-reconai-shared] Copied 30 files to reconai-shared/
[sync-reconai-shared] player-value.js twin in sync (not vendored — hand-maintained)
[sync-reconai-shared] Vendored 3 rookie CSVs into draft-war-room/
[BABEL] Note: The code generator has deoptimised the styling of /js/duat/world.js as it exceeds the max of 500KB.
[BABEL] Note: The code generator has deoptimised the styling of /js/duat/provinces.js as it exceeds the max of 500KB.
[BABEL] Note: The code generator has deoptimised the styling of /js/draft/command-center.js as it exceeds the max of 500KB.
Compiled 147 Babel scripts into dist-preview/
(node:86372) Warning: `--localstorage-file` was provided without a valid path
(Use `node --trace-warnings ...` to show where the warning was created)

Running browser-readonly.cjs
PASS browser mutation isolation: external writes denied before fixtures, local preflight, sanitized diagnostics; public read failures retry
PASS browser-readonly.cjs

Running browser-qa.js
..............................................................................................................................
PASS browser QA - 126 checks
PASS browser-qa.js

Running launch-browser-qa.js
......
PASS launch browser QA - 6 flows
PASS launch-browser-qa.js

Running live-click-paths.js
.........................................
PASS live click-path QA - 41 passed, 0 cases failed (0 findings)
PASS live-click-paths.js

Running draft-browser-qa.js
.........
PASS draft browser QA - 9 checks
PASS draft-browser-qa.js

Running league-skin-browser-qa.js

PASS league skin browser QA - redraft/dynasty product skin matrix
PASS league-skin-browser-qa.js

Running empire-save-browser-qa.cjs
{"status":"passed","viewport":"390x844","checks":["failed save visible","draft retained","saved record unchanged","hub navigation preserves unsaved draft","browser back preserves draft and URL","retry persists","reload restores"],"externalWriteGuard":true,"blockedExternalWrites":4}
PASS empire-save-browser-qa.cjs

PASS browser gate: 7 passed, 0 failed; all 7 suites attempted
