
> fantasy-war-room@1.0.0 test:security
> node tests/security-contract.js && node tests/security-audit-regression.cjs && node tests/security-audit-db.cjs && node tests/security-preview-http.cjs && node tests/account-storage.cjs && node tests/account-session.cjs && node tests/password-reset-atomic.cjs && node tests/onboarding-account-session.cjs && node tests/account-session-rls.cjs && node tests/app-account-callbacks.cjs && node tests/account-password.cjs


War Room security contract tests

  schema  ...
  shared helper  .
  auth functions  .......
  deploy  ....
  password reset  .

PASS 16 tests - 16 passed, 0 failed
(node:31945) Warning: `--localstorage-file` was provided without a valid path
(Use `node --trace-warnings ...` to show where the warning was created)
PASS gift authorization, administrator provisioning, self-change and conflicting writes
PASS free-bundle signin claims stay free; old paid claims do not change free AI policy
PASS authentication rate limiter denies requests when storage fails
PASS Yahoo valid flow, browser binding, forged/expired/replayed state, concurrent callbacks and revoked sessions
(node:31953) Warning: `--localstorage-file` was provided without a valid path
(Use `node --trace-warnings ...` to show where the warning was created)
PASS SQL administrator enforcement, existing-user provisioning and exactly one first-password assignment
PASS actual SQL limit accounting, window reset, lockout and caller isolation (PGlite serializes queries)
PASS browser roles cannot forge RPC actors, alter rate limits or access OAuth state; trusted server retains access
PASS real preview HTTP: public assets work; environment/Git/internal files, escaping symlinks, hostile Host and Origin are blocked
PASS account isolation for Empire and all Commissioner private stores, sign-out, return/reload, legacy preservation, profile changes and write failure
PASS real logout, OAuth failure recovery, volatile secrets, preserved saves, identity changes before storage event, mounted-view reset, same-account refresh and safe sign-in preparation
(node:31964) Warning: `--localstorage-file` was provided without a valid path
(Use `node --trace-warnings ...` to show where the warning was created)
PASS actual SQL migration/replay preserves accounts and links; PBKDF password, old-session revocation, one-time and sibling-link use, and account isolation
PASS actual handlers submit competing token uses with one winner (PGlite serializes SQL; independent-connection contention still requires hosted proof)
PASS token-consumption failure rolls back password/session mutation; RPC outages never report success; retry recovers
PASS browser roles cannot call trusted reset mutation; malformed inputs and unsupported methods rejected; emailed-link redirect retained
PASS actual request handler persists hashed tokens before delivery; storage/provider outages produce honest audit outcomes without account enumeration or live email
(node:31965) Warning: `--localstorage-file` was provided without a valid path
(Use `node --trace-warnings ...` to show where the warning was created)
PASS actual onboarding functions block cross-account lookup, delayed continuation, checkout redirect, profile reads/writes and cloud sync; same-account connection/completion works
PASS reproduced revoked-token direct read/write with old SQL, then blocked account/private/ownership/raw-claim paths after additive replay-safe migration
PASS current sessions keep own reads/writes, other accounts remain isolated, malformed/missing/overflowed version claims fail closed
PASS legacy owner policy unchanged, no new OAuth access, service role retains server access
PASS actual atomic password reset revokes direct SQL immediately; refreshed session recovers retained data and unrelated account stays active
(node:31967) Warning: `--localstorage-file` was provided without a valid path
(Use `node --trace-warnings ...` to show where the warning was created)
PASS actual display/provider hydration/connect/finalize callbacks cannot mutate another account; unchanged-account MFL flow persists normally
PASS actual Empire delayed picks/DNA stop before state publication or the next account-sensitive request
(node:31968) Warning: `--localstorage-file` was provided without a valid path
(Use `node --trace-warnings ...` to show where the warning was created)
PASS actual endpoint/SQL changes only signed account, accepts signin PBKDF, invalidates old app sessions/reset links and preserves both accounts games; replay, input, method and rate guards
PASS transaction rollback/retry, competing actual handlers with one winner, stale snapshots and service-only grants; PGlite serializes connections, separate hosted contention remains required
PASS actual client correct endpoint/legacy reauthentication, explicit acknowledgment, wrong-password/network/timeout recovery, provider guidance and late account-switch isolation
PASS actual Settings callback prevents duplicate submissions, retains entered fields after failure and permits retry
