
> fantasy-war-room@1.0.0 test:security
> node tests/security-contract.js && node tests/security-audit-regression.cjs && node tests/proxy-reconcile.cjs && node tests/legacy-password-upgrade.cjs && node tests/security-audit-db.cjs && node tests/security-preview-http.cjs && node tests/account-storage.cjs && node tests/account-session.cjs && node tests/password-reset-atomic.cjs && node tests/onboarding-account-session.cjs && node tests/account-session-rls.cjs && node tests/app-account-callbacks.cjs && node tests/account-password.cjs && node tests/reset-operational-compat.cjs && node tests/hosted-auth-reconciliation.cjs && node tests/account-provisioning-atomic.cjs && node tests/hosted-operations-reconciliation.cjs && node tests/account-deletion-recovery.cjs && node tests/account-deletion-sql.cjs && npm run test:c2-release


War Room security contract tests

  schema  ...
  shared helper  .
  auth functions  .......
  deploy  ....
  password reset  .

PASS 16 tests - 16 passed, 0 failed
(node:59570) Warning: `--localstorage-file` was provided without a valid path
(Use `node --trace-warnings ...` to show where the warning was created)
PASS gift authorization, administrator provisioning, self-change and conflicting writes
PASS free-bundle signin claims stay free; old paid claims do not change free AI policy
PASS authentication rate limiter denies requests when storage fails
PASS Yahoo valid flow, browser binding, forged/expired/replayed state, concurrent callbacks and revoked sessions
(node:59595) Warning: `--localstorage-file` was provided without a valid path
(Use `node --trace-warnings ...` to show where the warning was created)
PASS durable proxy bridge shares the atomic counter across fresh instances and denies storage/malformed/config failures with retry and CORS headers
PASS actual ESPN handlers retain cookie/data behavior and enforce one shared 60/minute IP budget before provider access
PASS actual Yahoo owner limiter retains authenticated token ownership/data path; denial and revoked sessions cannot contact provider
PASS actual MFL retains allowed shard reads, rejects malformed/foreign destinations and preserves hosted actionable404 guidance
(node:59622) Warning: `--localstorage-file` was provided without a valid path
(Use `node --trace-warnings ...` to show where the warning was created)
PASS actual legacy sign-in upgrades the verified hash once and preserves a concurrent newer password without minting a stale token
(node:59639) Warning: `--localstorage-file` was provided without a valid path
(Use `node --trace-warnings ...` to show where the warning was created)
PASS SQL administrator enforcement, existing-user provisioning and exactly one first-password assignment
PASS actual SQL limit accounting, window reset, lockout and caller isolation (PGlite serializes queries)
PASS browser roles cannot forge RPC actors, alter rate limits or access OAuth state; trusted server retains access
PASS real preview HTTP: public assets work; environment/Git/internal files, escaping symlinks, hostile Host and Origin are blocked
PASS account isolation for Empire and all Commissioner private stores, sign-out, return/reload, legacy preservation, profile changes and write failure
PASS real logout, OAuth failure recovery, volatile secrets, preserved saves, identity changes before storage event, mounted-view reset, same-account refresh and safe sign-in preparation
(node:59755) Warning: `--localstorage-file` was provided without a valid path
(Use `node --trace-warnings ...` to show where the warning was created)
PASS actual SQL migration/replay preserves accounts and links; PBKDF password, old-session revocation, one-time and sibling-link use, and account isolation
PASS actual handlers submit competing token uses with one winner (PGlite serializes SQL; independent-connection contention still requires hosted proof)
PASS token-consumption failure rolls back password/session mutation; RPC outages never report success; retry recovers
PASS browser roles cannot call trusted reset mutation; malformed inputs and unsupported methods rejected; emailed-link redirect retained
PASS actual request handler persists hashed tokens before delivery; storage/provider outages produce honest audit outcomes without account enumeration or live email
(node:59853) Warning: `--localstorage-file` was provided without a valid path
(Use `node --trace-warnings ...` to show where the warning was created)
PASS actual onboarding functions block cross-account lookup, delayed continuation, checkout redirect, profile reads/writes and cloud sync; same-account connection/completion works
PASS reproduced revoked-token direct read/write with old SQL, then blocked account/private/ownership/raw-claim paths after additive replay-safe migration
PASS current sessions keep own reads/writes, other accounts remain isolated, malformed/missing/overflowed version claims fail closed
PASS legacy owner policy unchanged, no new OAuth access, service role retains server access
PASS actual atomic password reset revokes direct SQL immediately; refreshed session recovers retained data and unrelated account stays active
(node:59941) Warning: `--localstorage-file` was provided without a valid path
(Use `node --trace-warnings ...` to show where the warning was created)
PASS actual display/provider hydration/connect/finalize callbacks cannot mutate another account; unchanged-account MFL flow persists normally
PASS actual Empire delayed picks/DNA stop before state publication or the next account-sensitive request
(node:59961) Warning: `--localstorage-file` was provided without a valid path
(Use `node --trace-warnings ...` to show where the warning was created)
PASS actual endpoint/SQL changes only signed account, accepts signin PBKDF, invalidates old app sessions/reset links and preserves both accounts games; replay, input, method and rate guards
PASS transaction rollback/retry, competing actual handlers with one winner, stale snapshots and service-only grants; PGlite serializes connections, separate hosted contention remains required
PASS actual client correct endpoint/legacy reauthentication, explicit acknowledgment, wrong-password/network/timeout recovery, provider guidance and late account-switch isolation
PASS actual Settings callback prevents duplicate submissions, retains entered fields after failure and permits retry
PASS actual shared/proxy CORS preserve supported web/native origins plus configured origins without wildcard; reserved-address helper retained
(node:60062) Warning: `--localstorage-file` was provided without a valid path
(Use `node --trace-warnings ...` to show where the warning was created)
PASS actual reset request preserves env-first/Vault-fallback delivery, current sender/domain and configured URL override without real mail
PASS actual identity helper preserves confirmed OAuth mapping while rejecting revoked/malformed app tokens, unverified email and invalid Auth
PASS operational reconciliation retains atomic fail-closed authentication limits
(node:60081) Warning: `--localstorage-file` was provided without a valid path
(Use `node --trace-warnings ...` to show where the warning was created)
fw-signup entitlements error: Error: Subscriptions query failed: unavailable (undefined)
    at resolveEntitlements (evalmachine.<anonymous>:27:11)
    at async evalmachine.<anonymous>:149:11
    at async signup (/Users/jacobc/Projects/warroom-readiness-c2-release-guard/tests/hosted-auth-reconciliation.cjs:72:71)
    at async /Users/jacobc/Projects/warroom-readiness-c2-release-guard/tests/hosted-auth-reconciliation.cjs:118:169
PASS actual signup preserves existing QA accounts, enforces limits/input bounds, keeps reserved-address policy and DHQ expansion
PASS actual OAuth exchange preserves account/data, requires confirmed identity, rejects custom app tokens, retains first-user onboarding and entitlement behavior
PASS actual session refresh preserves live entitlements and refuses reset/revocation races
PASS actual entitlements keep active/trialing/gift/bundle expiry semantics and fail on database errors
fw-profile error: Error: Subscriptions query failed: offline (undefined)
    at resolveEntitlements (evalmachine.<anonymous>:27:11)
    at async evalmachine.<anonymous>:41:11
    at async signinAndProfile (/Users/jacobc/Projects/warroom-readiness-c2-release-guard/tests/hosted-auth-reconciliation.cjs:114:12)
    at async /Users/jacobc/Projects/warroom-readiness-c2-release-guard/tests/hosted-auth-reconciliation.cjs:118:169
PASS actual password sign-in and profile agree on trial entitlement, and failed profile lookup never downgrades the account
(node:60127) Warning: `--localstorage-file` was provided without a valid path
(Use `node --trace-warnings ...` to show where the warning was created)
PASS actual SQL creates account/access/gift atomically, rolls back failed access, preserves existing saves/passwords, replays safely and only grants service access
PASS actual OAuth handler failed first setup cannot erase a concurrent successful account/session/save; retry resumes winner
PASS actual competing OAuth requests resume one committed identity and one initial subscription (PGlite serial SQL, independent connection contention unproven)
PASS actual competing signup returns conflict without overwriting/deleting OAuth winner or unrelated saves
(node:60211) Warning: `--localstorage-file` was provided without a valid path
(Use `node --trace-warnings ...` to show where the warning was created)
admin-list-users query error: { message: 'temporary query failure' }
admin-analytics-report query error: { message: 'temporary RPC failure' }
PASS actual admin handlers preserve current operational detail and confirmed OAuth while denying members, revoked accounts, unconfirmed identity and failed primary reads
PASS actual public GET scoreboard preserves wildcard CORS, fixed provider, cache, bad-input rejection and truthful provider failure
(node:60248) Warning: `--localstorage-file` was provided without a valid path
(Use `node --trace-warnings ...` to show where the warning was created)
PASS stripeFailure
PASS billingLookupFailure
PASS missingStripeConfiguration
PASS differentAuthIdentity
PASS completeAuthInventory
PASS authDeleteFailure
PASS accountLookupFailure
PASS targetRoleFailure
PASS legacyStripePaidGuard
PASS hiddenStripeAndStoreNotice
PASS promotionalAccessIsNotStoreBilling
PASS partialCancellationRetry
PASS authFailureRetry
PASS sessionChangeBeforeMutation
PASS authReappearance
PASS uncertainCompletionDoesNotEraseReplacement
PASS actual deletion SQL service-only grants, self/admin authorization and target version guard
PASS actual SQL refuses stale self session, newly protected target and revoked administrator
PASS actual SQL inventories hidden provider sources and refuses billing changes before cascade
PASS actual SQL never erases a replaced or newly created account under the same email
PASS actual SQL final deletion cascades only the exact unchanged target and preserves unrelated account saves; independent-connection contention not exercised

> fantasy-war-room@1.0.0 test:c2-release
> python3 tests/c2-edge-release.py && node tests/c2-edge-release-schema.cjs

test_catalog_queries_are_fixed_read_only_and_missing_versions_stop (__main__.ReleaseTests) ... ok
test_deploy_during_download_cannot_produce_mixed_hosted_evidence (__main__.ReleaseTests) ... ok
test_download_inventory_does_not_lose_cup_engine_outside_functions (__main__.ReleaseTests) ... ok
test_every_external_or_unknown_function_is_rejected (__main__.ReleaseTests) ... ok
test_generated_runtime_change_is_not_accepted_as_unchanged_source (__main__.ReleaseTests) ... ok
test_hosted_drift_rejected_before_any_deployment (__main__.ReleaseTests) ... ok
test_incomplete_download_cannot_be_recorded_as_reviewed_hosted_state (__main__.ReleaseTests) ... ok
test_manual_missing_scope_wrong_repository_and_branch_stop (__main__.ReleaseTests) ... ok
test_new_candidate_commit_requires_new_review (__main__.ReleaseTests) ... ok
test_push_never_needs_a_manifest_or_token_and_selects_no_functions (__main__.ReleaseTests) ... ok
test_reviewed_game_scope_and_complete_inputs (__main__.ReleaseTests) ... ok
test_schema_drift_blocks_even_with_matching_function_bytes (__main__.ReleaseTests) ... ok
test_schema_prerequisite_cannot_be_dropped_or_replaced_with_billing (__main__.ReleaseTests) ... ok
test_served_sources_include_generated_and_cross_directory_cup_engine (__main__.ReleaseTests) ... ok
test_shared_data_and_compiler_changes_invalidate_review (__main__.ReleaseTests) ... ok
test_single_cup_release_does_not_require_or_select_other_game_runtimes (__main__.ReleaseTests) ... ok
test_vault_local_unbundle_fallback_retains_complete_source_requirement (__main__.ReleaseTests) ... ok
test_workflow_has_only_three_explicit_scoped_deployments_and_no_schema_writes (__main__.ReleaseTests) ... ok

----------------------------------------------------------------------
Ran 18 tests in 26.961s

OK
PASS actual fixed catalog query detects game RLS/policy weakening without reading user records
PASS account shape and routine body changes invalidate compatibility even with the same recorded migration
PASS unexpected table/column grants and indexes change the fingerprint; no migration or provider operation was executed
