
> fantasy-war-room@1.0.0 test:duat
> node --test tests/duat-*.js tests/duat-online.cjs tests/duat-dynasty-online.cjs

✔ authentic Original Duat formation is four eight-player armies with exact d20 bands (4.256125ms)
✔ provider position aliases normalize to canonical configurable slots (0.469625ms)
✔ provider history preserves player position labels in ruler rosters (1.848958ms)
✔ lottery order is a deterministic weighted permutation (0.226709ms)
✔ proportional generator produces deterministic, exclusive four-army decks (11.227541ms)
✔ prior army count clamps to 0-8 so the feature can be turned off (0.091875ms)
✔ roll bands cover 0, 1, and every supported multi-army deck (1.662417ms)
✔ a single buried army owns the whole d20 for every roll (1.533459ms)
✔ zero buried armies turns the feature off without reporting a data problem (0.3895ms)
✔ provider and archive imports honor the off switch (0.241458ms)
✔ reveal sequence is empty whenever no armies exist (0.067916ms)
✔ single-army provider and archive imports still band the full die (0.373459ms)
✔ exact archive import preserves ruler, kingdom, slot, year, and d20 band (0.255583ms)
✔ archive import keeps each faction's own seasons instead of forcing a shared year set (0.249083ms)
✔ actual historical sources supply complete seasons and strict seventeen-week coverage (663.753708ms)
✔ four real eight-player armies per faction and exact seeded d20 walking rulers (238.47225ms)
✔ human lineup legality rejects duplicates, foreign players, wrong size and wrong QB count without mutation (186.762792ms)
✔ one real week scores every active roster directly, including absent games as explicit zero (129.858709ms)
✔ unplayed future logs cannot affect present AI decisions, estimates or results (740.732958ms)
✔ AI starter decisions do not inspect the current week even when a bench player has a huge result (249.583958ms)
✔ supported sacred favors spend treasury and do not change the unfavored Heptad lineup (522.539709ms)
✔ favor planning rejects non-sacred weeks and protects declared starters from benching (314.644333ms)
✔ all-play ties earn half results and deterministic faction ranking (61.167375ms)
✔ all seventeen actual-data weeks resolve Heptad, conquest and the seven-team Heavenly Battle (1610.273166ms)
✔ projection hides pending opponent choices and sealed ruler decks without mutating the save (75.744417ms)
✔ malformed imported saves fail structural validation before any action (70.821792ms)
✔ selected factions use the expanded board and earn capped battle actions exactly once per week (36.913167ms)
✔ battle previews use completed football performance and match the explicit d20 chance without exposing rolls (6.65975ms)
✔ a reproducible victory transfers real land, spends one action and preserves both armies and all homes (61.197542ms)
✔ a failed assault costs its action but cannot change ownership or fortifications (3.458875ms)
✔ equal battle totals hold for the defender (1.203042ms)
✔ fortification uses earned actions, strengthens defense, and cannot target rivals or protected homes (11.307417ms)
✔ combat rejects homes, neutral land, remote enemies, missing results and exhausted currency (3.265917ms)
✔ playoff football refreshes military strength without new neutral claims or a final-week action award (28.380125ms)
✔ original saves keep their original map and do not acquire warfare rules (1.027209ms)
✔ a new campaign has fourteen equal homelands and no legacy records (13.207542ms)
✔ weekly ranks award two claims to first, one to the top half and none below (12.20575ms)
✔ claims require earned currency and connected unoccupied territory (6.233291ms)
✔ last place releases the newest conquest and protects every homeland (1.294583ms)
✔ replayed results do not award twice and mismatched replays are rejected (0.648083ms)
✔ a smaller custom campaign can lose a conquered homeland of an absent faction (0.266042ms)
✔ unknown factions, unavailable scores and impossible places cannot alter conquest (0.199083ms)
✔ a closed frontier never promises unusable new claims (0.265875ms)
✔ fourteen factions can record a complete deterministic conquest season (18.962917ms)
✔ weekly losses open the frontier before rewards regardless of result delivery order (9.212375ms)
✔ ruler replies persist deterministically, retry without duplication, and preserve actual alliances (27.73525ms)
✔ private council exchanges filter by viewer and relationship indexes cannot be forged (1.855542ms)
✔ human managers and sealed rulers cannot be impersonated; playback horizon stays within observed games (17.594958ms)
✔ dialogue uses only the viewed week, retains memory after reload and never uses hidden scoring seasons (5.060875ms)
(node:72841) Warning: `--localstorage-file` was provided without a valid path
(Use `node --trace-warnings ...` to show where the warning was created)
✔ initial council is compact, defaults to an awakened AI, and keeps characterization and sources behind disclosure (8.644416ms)
✔ a reply submits the exact target and visible cutoff, with no unsaved NPC reply inserted (8.206416ms)
✔ saved pair conversation renders; future, other-player and prior-ruler exchanges do not (2.626666ms)
✔ human court profile has no fabricated speech or reply controls (7.405ms)
✔ failed save stays visible and retry remains possible without inventing successful persistence (6.476167ms)
✔ busy audiences prevent repeated submission and changing the recipient (14.25475ms)
✔ Duat historical data covers every regular-season calendar week in 2002–2025 (79.87475ms)
✔ fixed original-source games preserve points, total fumbles and every two-point play type (1.162375ms)
✔ canceled Buffalo–Cincinnati Week 17 stays absent while real Week 17 games remain available (0.872333ms)
✔ father and son and same-name NFL players retain distinct historical cards (1.030667ms)
✔ every card season reconciles to its actual W1–17 logs and original Duat scoring (1263.614292ms)
PASS: Duat phone draft disclosures, 20/40 row defaults, complete pagination, labeled estimates and guest opening guard
(node:72843) Warning: `--localstorage-file` was provided without a valid path
(Use `node --trace-warnings ...` to show where the warning was created)
✔ tests/duat-draft-mobile.js (967.397375ms)
✔ new campaigns start with empty draftable armies and fourteen selected world factions (181.455791ms)
✔ human picks drive a real snake draft; AI stops at the next human and cannot steal a turn (1259.894708ms)
✔ draft eligibility reserves legal quarterback and skill capacity; every completed army is distinct and playable (3884.667542ms)
✔ draft choices and AI estimates never inspect the current or future season results (376.40725ms)
✔ online draft projection hides rival picks and random seeds; only the active human receives safe candidates (86.944125ms)
✔ archaeology reveals exactly one team per host step and opens Week 1 only after all fourteen (333.10025ms)
✔ drafted armies play seventeen actual-data weeks with AI country battles, fortification and conserved favor spending (1333.153916ms)
ok 1 - v4 migration replays and creates configured private factions without upgrading old contracts
ok 2 - v4 draft authority follows its explicit queue and simultaneous picks have one winner
ok 3 - pending Mahdi recruits block readiness and host progress atomically
ok 4 - ready factions cannot alter offerings, names, rituals or alliance decisions
ok 5 - immutable rules, ownership and cycle reject forged authoritative outputs
ok 6 - completed dynasties keep champion rituals and claims open, then require host and unanimous readiness
ok 7 - only service_role retains access to room mutations and private tables
ok 8 - actual Edge handler accepts sourcebook setup and rejects outcome/control injection before engine calls
ok 9 - actual Edge projections load the correct years and keep completed rituals/readiness available
ok 10 - actual Edge blocks pending recruits and actionable final claims but allows the last claim
(node:72845) Warning: `--localstorage-file` was provided without a valid path
(Use `node --trace-warnings ...` to show where the warning was created)
ok 11 - generated runtime supports every archive year and actual v4 multiplayer play through annual succession
{"passed":11,"offline":true,"liveAccountsCreated":0,"liveWrites":0}
✔ tests/duat-dynasty-online.cjs (31596.414417ms)
✔ v4 8 factions, 1 mummies, duat: complete real archive draft and scored opening week (563.714542ms)
✔ v4 8 factions, 1 mummies, classic: complete real archive draft and scored opening week (316.188791ms)
✔ v4 8 factions, 1 mummies, superflex: complete real archive draft and scored opening week (563.988792ms)
✔ v4 8 factions, 2 mummies, duat: complete real archive draft and scored opening week (415.174125ms)
✔ v4 8 factions, 2 mummies, classic: complete real archive draft and scored opening week (341.852833ms)
✔ v4 8 factions, 2 mummies, superflex: complete real archive draft and scored opening week (500.891875ms)
✔ v4 8 factions, 5 mummies, duat: complete real archive draft and scored opening week (644.464208ms)
✔ v4 8 factions, 5 mummies, classic: complete real archive draft and scored opening week (979.852625ms)
✔ v4 8 factions, 5 mummies, superflex: complete real archive draft and scored opening week (832.392875ms)
✔ v4 16 factions, 1 mummies, duat: complete real archive draft and scored opening week (124.782375ms)
✔ v4 16 factions, 1 mummies, classic: complete real archive draft and scored opening week (591.260666ms)
✔ v4 16 factions, 1 mummies, superflex: complete real archive draft and scored opening week (649.6085ms)
✔ v4 16 factions, 2 mummies, duat: complete real archive draft and scored opening week (309.616833ms)
✔ v4 16 factions, 2 mummies, classic: complete real archive draft and scored opening week (395.553583ms)
✔ v4 16 factions, 2 mummies, superflex: complete real archive draft and scored opening week (702.547167ms)
✔ v4 16 factions, 5 mummies, duat: complete real archive draft and scored opening week (617.856875ms)
✔ v4 16 factions, 5 mummies, classic: complete real archive draft and scored opening week (1038.001792ms)
✔ v4 16 factions, 5 mummies, superflex: complete real archive draft and scored opening week (889.790667ms)
✔ three complete dynasty seasons retire rulers permanently, preserve surviving tombs and archive actual champions (2332.961042ms)
✔ Shiva permanently shrinks the reserve, and the destroyed ruler cannot return in the following season (644.407166ms)
✔ Anubis transfers the actual player year, donor holes refill next draft, and scoring uses the transferred year (599.779459ms)
✔ multiple offerings debit their exact shared treasury, preserve score receipts and cancel before changing targets (80.71525ms)
✔ sealed multiplayer projections disclose no rival tomb names, player picks or pending Mahdi results (81.498167ms)
✔ simultaneous Mahdi draws reserve rival cards while the owner can accept the exact paid reroll once (126.239417ms)
✔ malformed imports cannot rewrite future draft authority, reuse retired rulers or forge reveal dice (226.027625ms)
✔ a missing entire historical-year dataset stops resolution instead of recording fabricated zero weeks (89.259916ms)
✔ version three remains delegated to its prior reducer with no dynasty state or altered results (31.731125ms)
✔ final Original conquest remains playable, must settle before succession, and persists the actual finished domain (1311.079875ms)
✔ alliance names lock with the first scored week and jsonb object-key order preserves a valid save (38.14475ms)
✔ Resurrection preserves historical identities through a multi-year draft and excavation, separately from the scoring season (62.200125ms)
✔ Resurrection refuses historical score substitution and all live-dependent mutations without changing the save (8.890167ms)
✔ era validation rejects future draft armies and malformed modes while old saves remain Historical Replay (2.337959ms)
(node:72849) Warning: `--localstorage-file` was provided without a valid path
(Use `node --trace-warnings ...` to show where the warning was created)
✔ every supported faction renders a distinct native emblem with one common frame and no font or raster dependency (4.942458ms)
✔ legacy faction IDs use the same marks and original crest assets remain available as source material (0.376459ms)
✔ decorative and standalone marks keep correct accessible names, sizing hooks and safe unknown fallback (0.906875ms)
✔ both active sigil wrappers delegate to the same renderer (1.112708ms)
✔ browsing is pure, seed-free and never invokes a ritual or resolves future scores (139.315084ms)
✔ reservation replacement credits only the same starter in expanded games and the whole single favor in legacy games (28.032208ms)
✔ Janus offers only the selected player’s exact finalized earlier records, including previous-week restrictions (30.280833ms)
✔ every controller and lifecycle lock disables invocation without hiding the catalog (46.816042ms)
✔ roster sacrifices and transfers expose legal options and require explicit permanent confirmation (46.796875ms)
✔ recruitment distinguishes loading, exhausted positions, cooldowns and Super Mahdi’s buried sacrifice (20.686209ms)
✔ pending Mahdi requires the stored available draw, legal release and confirmation, and never charges acceptance (68.902458ms)
✔ champion rewards retain zero-cost Plutus and the exact Amun first/second attempt treasury requirements (53.882792ms)
(node:72869) Warning: `--localstorage-file` was provided without a valid path
(Use `node --trace-warnings ...` to show where the warning was created)
✔ opening is presentation-only, traps keyboard focus, locks the background and restores the invoking card on Escape (144.53725ms)
✔ arrows and deliberate horizontal swipes browse gods without invoking, while vertical scroll, cancellation and input gestures are ignored (268.595833ms)
✔ closing and reopening preserves selected tier and player while changing the god clears permanent confirmations (159.75675ms)
✔ a failed shared save stays in the dialog, preserves selections, shows the actual error and rejects duplicate submission (114.864541ms)
✔ ready, read-only and unsaved-lineup controllers can explore but cannot submit or clear reservations (59.718708ms)
✔ legacy campaigns browse only their three gods and retain exact single-favor action payloads (254.201125ms)
✔ pending Mahdi preserves its exact recruit through browsing and exposes clear declarations without accepting or redrawing (57.689084ms)
✔ waiting Mahdi and Super Mahdi keep their exact tier and consequences through swipe and reopen (311.228333ms)
✔ supported historical favors preserve catalog IDs, numeric prices and sacred windows (3.133375ms)
✔ Kratos I, II and III apply their real multipliers and leave base scores for Heptad (21.790209ms)
✔ Horus floors honor legitimate zero or negative games and do not reduce higher scores (0.30475ms)
✔ Horus cannot invent scores for a missing game and unavailable resolution spends nothing (9.581834ms)
✔ Janus II recalls only immediately previous finalized base points, without importing old favors (0.43675ms)
✔ Janus III imports any selected earlier recorded week and rejects current or future data (7.171083ms)
✔ invalid declarations reject unsupported favors, inadequate funds, wrong weeks and wrong targets (0.24275ms)
✔ favor resolution is deterministic, never mutates input and does not count bench points (3.334833ms)
(node:72872) Warning: `--localstorage-file` was provided without a valid path
(Use `node --trace-warnings ...` to show where the warning was created)
✔ guided favors retain the complete browsable pantheon while unavailable variants explain their timing (147.952ms)
✔ pending recruit opens directly with legal release choices and preserves the draw when closed (176.275125ms)
✔ sacred-week treasury dims higher tiers and wagers without hiding their rules (138.493417ms)
(node:72874) Warning: `--localstorage-file` was provided without a valid path
(Use `node --trace-warnings ...` to show where the warning was created)
✔ the compiled recap puts both actual match scores above a waiting alliance’s status (16.531459ms)
✔ simultaneous paths, own-match highlighting and tied winner remain readable without hiding either scoreboard (1.749458ms)
✔ a week with no alliance fixtures uses the actual Tetrad name without fabricating a match (2.569625ms)
✔ 2024 defaults retain submitted starters, base points and separate season cards (24.729542ms)
✔ explicit army and favor options change the eligible pool and produce exact receipts (0.366459ms)
✔ unique-athlete best ball chooses one year-version without sacrificing positional legality (0.176958ms)
✔ slot solver fills Classic and Superflex accurately instead of greedily consuming required players (0.504792ms)
✔ required negative scores count and absent or unfinalized inputs never become fabricated results (0.671209ms)
✔ alliance naming accepts real multilingual banners and rejects controls, duplicates and markup (6.905667ms)
✔ progress explains pending entrants and keeps the championship reset a second life (12.184667ms)
✔ Pinnacle offers only a real non-finalist after the resolved tournament and reserves the canonical Week 11 (2.508917ms)
✔ Pinnacle scheduling requires participant agreement and rejects past weeks or outsider consent (1.355458ms)
✔ changing a proposed week resets consent, stale approvals fail, and decline never alters the main title (0.871709ms)
✔ the optional title defense resolves only its agreed finalized week and ties keep the reigning holder (0.895333ms)
✔ match MVP is the highest actual contributor across both alliances and never reads later weeks (0.367167ms)
✔ persistent records are idempotent by season, retain renamed champions and survive recurring alliance IDs (1.419959ms)
✔ browser helper registers without storage, network or undeclared engine dependencies (3.65125ms)
✔ every culture has a useful name and banner library with explicit provenance and synchronized runtime data (288.17525ms)
✔ normal mummy and dynasty naming uses distinct choices, preserves prior identities, and carries selected source provenance (57.818458ms)
✔ all84 full scripts rotate by public cycle, replay deterministically, and never depend on a sealed draw or football result (14.090875ms)
✔ new journal records pin their script and literal prose while old saved entries remain untouched (1.050791ms)
✔ browser and server library APIs agree without exposing shared campaign secrets (59.3405ms)
✔ authoritative naming preserves ownership, source data, saved identities and exact shared reveal scripts (2801.809167ms)
(node:72877) Warning: `--localstorage-file` was provided without a valid path
(Use `node --trace-warnings ...` to show where the warning was created)
✔ library defaults to the current culture and browsing cannot target another manager or disclose their sealed ruler (27.746208ms)
✔ ruler choices explain used and retired names, preserve explicit target selection and emit only canonical own-ruler intent (5.071166ms)
✔ banner suggestions perform the existing own-alliance action and never rename a cultural faction (3.976917ms)
✔ ready, after-kickoff and read-only states retain browse access without allowing name writes (10.393ms)
✔ failed shared naming keeps the selected source choice and actual error visible and prevents duplicate submissions (67.504917ms)
✔ name filters and three story previews are local, with references collapsed and actual ruler identities sealed (16.800833ms)
✔ banner suggestions already used by another alliance are disabled with a clear reason (99.715875ms)
✔ sealed alliances keep public banner ideas browsable but reveal no paired identity or reservation until the ceremony (5.005042ms)
✔ selected saved identities display their current name without promising a redundant rename (2.523375ms)
✔ all 28 factions have distinct identity catalogs and the fourteen supplied crests are actual 256px PNG assets (29.5845ms)
✔ source catalog and runtime data agree and contain no private filesystem paths or applicant data (3.803417ms)
✔ retired rulers and occupied names remain unavailable across many dynasty cycles (9.822459ms)
✔ player names are plain text, unique within a dynasty, and cannot reuse a retired identity (1.37275ms)
✔ naming armies preserves custom identities and destroyed tombs without mutating campaign input (2.832833ms)
✔ distinct source cultures remain distinct when applying names and expedition motifs (1.612208ms)
✔ discovery stages disclose no hidden ruler, count, year or player data (3.254833ms)
✔ journal entries are deterministic, persist all reveal stages and distinguish original adaptation from new writing (3.698458ms)
✔ all cultures have distinct illustrated first-person journeys with an explicit pre-reveal boundary (4.383166ms)
✔ campaign honors use actual finalists and base points, deduplicate athlete identities and require distinct winning seasons (14.732542ms)
✔ honors retain a transferred athlete’s actual NFL scoring year (0.19625ms)
✔ missing championship data cannot create honors and real zero scores remain valid (0.091125ms)
✔ dynasty summaries preserve accumulated records and show only that faction’s private tomb history and journal (1.070375ms)
✔ lore publishes a dependency-free browser UMD API with deterministic parity (10.872375ms)
(node:72879) Warning: `--localstorage-file` was provided without a valid path
(Use `node --trace-warnings ...` to show where the warning was created)
✔ pinch zoom preserves the land under the moving midpoint and remains bounded (167.858333ms)
✔ drag never selects land; taps select once; cancellation and pinch lift cannot select (1.332959ms)
✔ wheel and touch anchors account for a phone SVG letterbox (0.281917ms)
✔ country overview includes every saved province, including islands absent from country geometry (46.432125ms)
✔ partial and contested countries cannot be presented as wholly owned (10.3605ms)
✔ suggested expansion contains only currently legal unclaimed land and never changes ownership (0.52125ms)
✔ the actual saved-province map opens with fewer than300 targets and explicit optional detail (992.18725ms)
✔ production pointer handlers suppress country selection and all actions after drag or cancelled touch (673.935917ms)
✔ production two-finger handlers zoom then lift cleanly without a selection or claim (551.188875ms)
✔ Original conquest recommends a war that can actually be won, skipping a stronger first neighbor (413.917167ms)
(node:72887) Warning: `--localstorage-file` was provided without a valid path
(Use `node --trace-warnings ...` to show where the warning was created)
✔ one current action row preserves disabled authority and inline error recovery across every guided stage (6.867625ms)
✔ the action space follows measured content height and cleans its observer and resize listener on exit (1.551667ms)
✔ pending recruit completion focuses the existing fixed action without jumping the content or invoking anything (11.092ms)
✔ lineup feedback follows authoritative legality and current selected count without storing a second lineup (3.80675ms)
(node:72888) Warning: `--localstorage-file` was provided without a valid path
(Use `node --trace-warnings ...` to show where the warning was created)
✔ archive explorer compares only viewed game logs and discloses actual matching seasons without probabilities (28.875209ms)
✔ final reveal control appears only after Week17 recap and preserves every played card in the reveal (1.730333ms)
✔ public box scores strip source dates, numeric years and raw game identifiers (2.247417ms)
✔ the real lineup panel renders player-decade identity and preserves the viewed-game explorer boundary (792.438458ms)
✔ new mystery cards expose player and decade, real eligible archive years and seed-independent archive estimates (1471.22825ms)
✔ fixed assignments survive reload, score the actual selected year, and reject reassignment or impossible candidates (3645.903625ms)
✔ public snapshots contain no assignment map, seed, selected-season fields or future-card reveal; inference uses only explicitly viewed games (140.427167ms)
✔ final recap reveals only played cards after each manager acknowledges; buried future years and another manager stay sealed (1189.299416ms)
✔ ritual recruits retain decade identity and a fixed assignment through the pending draw and acceptance (83.025959ms)
✔ legacy historical and Resurrection keep their existing contracts (2.152083ms)
✔ archive expansion preserves acquired candidate snapshots and fixed years across later actions and reacquisition (539.0455ms)
ok 1 - migration replay and atomic creation preserve private state and reserved factions
ok 2 - claim contention permits one owner; retries and duplicate-account denial are atomic
ok 3 - readiness requires ownership and invalidates stale starts
ok 4 - action receipts deduplicate by actor and prevent ID reuse with changed intent
ok 5 - host gates, ready locks and final compare-and-swap protect campaign progression
ok 6 - browser database roles cannot read private rows, invitation codes, receipts or call mutation RPCs
ok 7 - actual endpoint requires an app identity and projects create/list/load without engine secrets
ok 8 - actual endpoint hides invite secrets from friends and rejects forged controls before engine execution
ok 9 - actual endpoint saves readiness, returns fresh versions, deduplicates retries and rejects stale intent
ok 10 - remote client rejects signed-out access and account switches during a request
(node:72891) Warning: `--localstorage-file` was provided without a valid path
(Use `node --trace-warnings ...` to show where the warning was created)
ok 11 - bundled Edge runtime loads four complete real seasons and preserves private campaign projection
ok 12 - cached clients without a version retain the complete original preseason API and unsupported versions fail
ok 13 - real v2 endpoint drafts both owned factions, enforces readiness and handles a simultaneous pick race
ok 14 - v3 shared rules support two human Superflex drafts, odd-round snake resets, sealed reveals and optional systems

14 Duat online transaction and endpoint scenarios passed.
✔ tests/duat-online.cjs (17680.679792ms)
✔ every supplied ruler is individually authored; every catalog name and culture has bounded consistent traits and sources (109.316ms)
✔ historical framing distinguishes traditional, ambiguous, collective, new fiction and custom names (28.280625ms)
✔ individual profile stays stable across save reload, year changes and hidden data changes (3.266375ms)
✔ sealed rulers and player-controlled rulers never generate NPC speech (10.817792ms)
✔ playback cutoffs do not reveal future results, hidden years, undeclared plans or unpresented alliances (2.137667ms)
✔ actual frontier outcomes carry source IDs; arbitrary event prose and unresolved outcomes are never repeated (0.610833ms)
✔ saved exchanges remember only this pair, ruler, dynasty cycle and visible week (0.573917ms)
✔ replies are distinct, bounded, deterministic and never mutate campaign actions (1.15475ms)
✔ long campaign histories and repeat audiences remain bounded without trusting relationship counters (0.914083ms)
✔ the public-domain province atlas has source identities, real polygons, labels, and distinct faction homes (79.072458ms)
✔ land routes use shared source boundaries; declared navigation connects the entire province board (68.384875ms)
✔ province campaigns claim actual adjacent provinces, track area, and retain the country default (32.016625ms)
✔ original conquest requires an exhausted peaceful frontier and a strictly higher completed score (6.885209ms)
✔ original final-territory protection replaces homeland immunity; newest owned land is lost first (2.7915ms)
✔ only weekly first place can use a sea passage in original mode (0.711958ms)
✔ the configured playoff calendar awards only verified survivors, including a final-week claim (37.30825ms)
✔ continuing a dynasty keeps territory, routes, forts and history while resetting score authority and reserves (21.910584ms)
✔ province frontier and warfare lookups avoid a routes-by-territories cross-product (1622.295916ms)
✔ province combat starts equally with connected domains and immediate rival fronts (139.579625ms)
✔ sourcebook exposes twelve illustrated gods and keeps old effects opt-in (8.461417ms)
✔ distinct starters can reserve multiple favors with one combined treasury (0.921042ms)
✔ Patecatl uses only observed prior games and genuine reference, refunds ineligible game (0.660542ms)
✔ ritual gates preserve legacy campaigns and disabled favors (2.997292ms)
✔ Midas makes a permanent auditable sacrifice and preserves legal lineup (1.858125ms)
✔ Mahdi only reveals a safe candidate, has one paid reroll, and requires a legal acceptance (91.242542ms)
✔ Mahdi skips owned and banished cards and does not consult future result fields (0.337708ms)
✔ Anubis retains the recruited player year and banishes the replaced player (1.123875ms)
✔ Shiva destroys a ruler, preserves a playable army, and cannot destroy the last (5.527459ms)
✔ Super Mahdi acceptance removes a buried player permanently (1.866125ms)
✔ Ebisu reserves worst-case loss, resolves once, and does not mutate the input (14.082125ms)
✔ Amun is champion-only and success reserves the next-season player with exact debit (9.983333ms)
✔ Plutus rolls only once and rollover cannot carry money spent after the roll (7.360167ms)
✔ Anubis banishment excludes another historical version of the same player (0.302583ms)
✔ ritual save validation rejects forged reservations, dice and pending draws (0.751125ms)
✔ original defaults retain four eight-player armies, sacred weeks, all-play and seven playoff seeds (2.044083ms)
✔ fourteen original factions have unique sacred homelands in the supplied route graph (1.596375ms)
✔ actual original faction identities form seven repeatable paired alliances (0.606958ms)
✔ both tournaments pause on absent or invalid JavaScript score inputs (2.609917ms)
✔ browser module publishes the same API without Node or the original Duat checkout (10.724667ms)
✔ fourteen factions in pairs is the original seven-alliance Heptad (0.217459ms)
✔ the shape adapts to any league size without benching a faction (0.174833ms)
✔ the canon calendar: top W2-7, bottom W4-8, championship W9, rematch W10, Pinnacle W11 (0.291375ms)
✔ the entry draw is deterministic, covers everyone, and holds all season (0.460792ms)
✔ the gauntlet runs the full double-elimination shape (10.617ms)
✔ the top-bracket survivor must be beaten twice (0.408334ms)
✔ an unplayed week pauses the gauntlet and names the next fixture (0.151375ms)
✔ a pause mid-top-bracket still shows the bottom-bracket games already played (0.12275ms)
✔ alliance sizes that cannot fit the season are not offered (0.373792ms)
✔ the defaults path clamps startWeek exactly like the explicit path (0.091041ms)
✔ best ball fields one lineup per alliance and credits who supplied it (0.273833ms)
✔ combined scoring simply adds the members' totals (0.076542ms)
✔ normalize survives garbage and clamps to what the league can field (0.073792ms)
✔ canon 7-team week 15: seed 1 byes while 2v7, 3v6, 4v5 play (0.122541ms)
✔ pauses mid-bracket: with only week 15 recorded, the semifinal is named next (0.0555ms)
✔ week 16 re-seeds NFL-style: 1v7 and 4v6 after the scripted upsets (0.082917ms)
✔ week 17 holds the championship and the Camel; podium and tie rule verified (0.08275ms)
✔ a recorded championship crowns its winner while the Camel waits (0.066791ms)
✔ quarterfinal tie advances the better seed (0.047958ms)
✔ 6-team field: two byes, quarterfinals 3v6 and 4v5, three weeks total (0.090041ms)
✔ 4-team field compresses to two weeks: semis at 15, finale at 16 (0.992709ms)
✔ schedule mirrors the canon calendar and the compressed shapes (0.189458ms)
✔ fields below two return the same inert state reference (0.098708ms)
✔ canon payouts stand: 135 / 60 / 35 (0.104375ms)
(node:72907) [MODULE_TYPELESS_PACKAGE_JSON] Warning: Module type of file:///Users/jacobc/Projects/warroom-public-readiness/supabase/functions/duat/runtime.js is not specified and it doesn't parse as CommonJS.
Reparsing as ES module because module syntax was detected. This incurs a performance overhead.
To eliminate this warning, add "type": "module" to /Users/jacobc/Projects/warroom-public-readiness/package.json.
(Use `node --trace-warnings ...` to show where the warning was created)
✔ packed Duat Edge archive preserves every normalized source record and reuses indexes (6783.289083ms)
(node:72908) Warning: `--localstorage-file` was provided without a valid path
(Use `node --trace-warnings ...` to show where the warning was created)
✔ compiled Home calendar selection stays local and cannot reveal an unseen result or move the current week (14.344334ms)
✔ compact Home standings retain the user and expand to every faction without navigation (3.89875ms)
✔ final Home table labels its regular-season cutoff while playoff status keeps the revealed Week 17 context (1.808709ms)
✔ Home explains real pace and signed lead while keeping sacred offerings optional and compact (2.596625ms)
✔ sealed Home tournament reveals counts only and unsealed path uses actual remaining lives (5.40525ms)
✔ Home puts its single current Resume action before calendar inspection while retaining all seventeen weeks (3.189334ms)
✔ phone Home has one current-action card and simple realm rows without duplicate identity or hidden detail panels (2.320125ms)
✔ phone current actions use the saved stage, route through Resume and derive lineup size from campaign rules (17.841917ms)
✔ phone offerings and library respect availability and exploration gates without exposing campaign details (3.595792ms)
✔ Resurrection Home names the mode and routes to status without claiming live play is ready (10.180583ms)
✔ phone Realm retains all seventeen weeks, complete standings and revealed detail without a duplicate Resume card (2.62775ms)
✔ desktop retains its original identity and expanded season view even when a phone destination is passed (8.433791ms)
✔ alliance naming counts alliance teams rather than factions or conditional matches (29.102292ms)
✔ a new Home keeps the alliance reveal sealed and opening it does not acknowledge anything (176.057209ms)
✔ Home exposes only contiguous watched results and never reveals later standings, titles, lives or costs (25.649167ms)
✔ backup rollback invalidates stale acknowledgements and legacy progress keeps only its established history (5.192541ms)
✔ cumulative table follows canonical half-win ties and points tiebreaks while displaying truthful W-L-T records (0.871667ms)
✔ each supported league and playoff field retains the real Week17 calendar and conditional alliance reset (5.29725ms)
✔ the tournament panel rebuilds both known paths, keeps exact live scores and never borrows current champions (4.246375ms)
✔ playoff outlook uses observed seeds and win-credit gaps, then revealed qualification and playoff results only (82.58775ms)
✔ Home preserves each existing Resume stage including pending recruits and earned claims (0.617917ms)
ok 1 - deterministic 14-faction creation reserves humans and fills AI without credentials
ok 2 - invalid or duplicate factions and unknown human seats are rejected
ok 3 - outsiders cannot read, control, or claim a seat just by knowing its ID
ok 4 - claims cannot steal occupied seats, claim AI, or give one account two factions
ok 5 - readiness belongs to the joined seat and cannot be assigned by the host
ok 6 - campaign start requires every human joined and ready, and only the host can start
ok 7 - stale writes fail without mutation, including readiness races before start
ok 8 - action IDs deduplicate retries, reject changed intent, and are scoped to actor
ok 9 - a successfully claimed invitation can be retried after the room starts
ok 10 - private plans and queues are owned, locked while ready, and omitted for other viewers
ok 11 - campaign projection requires an explicit game-specific adapter and receives detached state
ok 12 - host-only advancement requires readiness and actual engine resolution
ok 13 - solo is one human and thirteen AI with the same readiness/start contract
ok 14 - invalid payloads and asynchronous engine adapters cannot change valid saves
ok 15 - intent cannot impersonate the trusted actor or attach replacement state or credentials
ok 16 - browser UMD exposes the same public contract without Node globals

16 Duat session scenarios passed.
✔ tests/duat-session.js (178.224583ms)
✔ 8 factions / duat: complete draft, equal ruler odds, legal starters and custom scoring (397.781583ms)
✔ 8 factions / classic: complete draft, equal ruler odds, legal starters and custom scoring (310.901167ms)
✔ 8 factions / superflex: complete draft, equal ruler odds, legal starters and custom scoring (350.602917ms)
✔ 10 factions / duat: complete draft, equal ruler odds, legal starters and custom scoring (480.845333ms)
✔ 10 factions / classic: complete draft, equal ruler odds, legal starters and custom scoring (488.210833ms)
✔ 10 factions / superflex: complete draft, equal ruler odds, legal starters and custom scoring (929.343917ms)
✔ 12 factions / duat: complete draft, equal ruler odds, legal starters and custom scoring (952.884542ms)
✔ 12 factions / classic: complete draft, equal ruler odds, legal starters and custom scoring (1539.747292ms)
✔ 12 factions / superflex: complete draft, equal ruler odds, legal starters and custom scoring (1366.008333ms)
✔ 14 factions / duat: complete draft, equal ruler odds, legal starters and custom scoring (1290.596583ms)
✔ 14 factions / classic: complete draft, equal ruler odds, legal starters and custom scoring (1926.11175ms)
✔ 14 factions / superflex: complete draft, equal ruler odds, legal starters and custom scoring (2085.213875ms)
✔ 16 factions / duat: complete draft, equal ruler odds, legal starters and custom scoring (488.908584ms)
✔ 16 factions / classic: complete draft, equal ruler odds, legal starters and custom scoring (698.499667ms)
✔ 16 factions / superflex: complete draft, equal ruler odds, legal starters and custom scoring (633.4255ms)
✔ 2 playoff seeds resolve a complete 17-week season with both optional systems disabled (1023.135708ms)
✔ 4 playoff seeds resolve a complete 17-week season with both optional systems disabled (1132.024208ms)
✔ 6 playoff seeds resolve a complete 17-week season with both optional systems disabled (1514.775041ms)
✔ 7 playoff seeds resolve a complete 17-week season with both optional systems disabled (1261.111666ms)
✔ 8 playoff seeds resolve a complete 17-week season with both optional systems disabled (978.864458ms)
✔ favor budgets fund humans and AI equally, spend exactly, and never regenerate (209.95375ms)
✔ disabled mechanics reject direct actions; malformed settings and scoring cannot be saved (189.910208ms)
✔ custom scoring changes only prior-year draft estimates and respects flex eligibility (20.190041ms)
✔ initial v3 saves retain their original fourteen-week regular season (332.620417ms)
✔ corrupt shelf recovery validates full saves, preserves names, and never writes during listing (15.059375ms)
✔ a valid backup restores even when the existing shelf cannot be parsed (16.331917ms)
✔ missing, non-array, duplicate, and incomplete shelf entries recover from valid records (23.761541ms)
✔ recovery skips incomplete, corrupt, mismatched, and unrelated records without deleting them (28.212416ms)
✔ failed second write restores the exact previously saved turn and shelf (23.313ms)
✔ failed first write preserves existing progress and a failed creation leaves no phantom campaign (28.162ms)
✔ failed restore retains the exact corrupt shelf and damaged records for another attempt (7.382375ms)
✔ blocked reads and enumeration propagate instead of pretending there are no saves (9.173125ms)
✔ invalid imported campaigns cannot replace a valid saved campaign (2.410208ms)
✔ v4 compression losslessly preserves Unicode, real draft snapshots, legacy reads and plain JSON backup data (276.099292ms)
✔ compressed v4 writes roll back exact bytes and corrupted compressed payloads remain recoverable from backup (114.701084ms)
✔ actual all-play results change pressure and spending without changing a ruler personality (63.668292ms)
✔ authored prudence and aggression produce different legal favor targets using known player history (1.697584ms)
✔ strategy cannot read secret assignments or unrevealed games; treasuries and ordinary weeks bound plans (1.508167ms)
(node:72919) Warning: `--localstorage-file` was provided without a valid path
(Use `node --trace-warnings ...` to show where the warning was created)
✔ the Duat group includes world and presentation exactly once in dependency order (5.501041ms)
✔ actual browser modules initialize the country campaign and presentation without CommonJS fallbacks (2340.160166ms)
✔ Chapter II awakens the ruler and full army together, then travels to a distinct illustrated culture (445.430208ms)
✔ shared updates reveal the whole current army without skipping a reader past an earlier culture (202.144916ms)
✔ readiness and an in-flight reveal keep secret roster content sealed until authoritative data arrives (128.385375ms)
✔ a reader who misses multiple shared updates can still awaken the known earlier army locally (140.178458ms)
✔ legacy revealed saves show every player without timers, preserve final completion and handle a missing illustration (97.357833ms)
✔ permitted live ruler rename keeps the reveal consistent while preserving original and added journal prose through reload (1203.396125ms)
✔ a failed world dependency keeps the game unmounted even when presentation loaded; retry reloads (32.920708ms)
✔ successful group completion mounts the game and repeat entry does not load it twice (4.835166ms)
✔ entering, finishing load, and leaving a game reset inherited scroll while ordinary renders retain reading position (3.527291ms)
✔ missing loader and completed group without its component expose a recoverable error (7.365416ms)
✔ already executed raw-development game opens without a loader (1.902625ms)
✔ recap requires an explicit completed week and respects actual field totals, ties and negative scores (47.514458ms)
✔ historical alliance recap is not changed by later wins, elimination, current bracket or Pinnacle results (4.250709ms)
✔ alliance entry, redemption fixtures, tied match and best-ball receipts use saved games only (64.903125ms)
✔ Heavenly recap distinguishes advancing, tie-break defeat, championship and third place (15.823834ms)
✔ early weeks cannot reveal a later playoff field and idle playoff weeks are not a loss (2.966041ms)
✔ favor receipt separates player adjustments and Ebisu faction points from Heptad contributors (4.493584ms)
✔ preseason guidance exposes usable rituals only and works on a projected campaign without a seed (14.500875ms)
✔ sacred guidance respects current budget, reserved costs, history and per-player eligibility (3.3665ms)
✔ pending Mahdi is mandatory, reroll budget-aware, and champion rewards stay with the champion (1.919959ms)
✔ the full weekly table uses each faction’s actual result, shared tied rank and all-play record (11.412583ms)
✔ waiting alliances see the actual opening Heptad scores, while later top and redemption matches stay sealed (23.707292ms)
✔ weekly Heptad scoreboards retain the actual tie winner, championship and reset results (1.7685ms)
✔ first week introduces the alliance once, then explicitly confirms lineup before kickoff (1.245625ms)
✔ available favors are optional, unavailable favors disappear and pending Mahdi always needs resolution (0.139541ms)
✔ engine advances to Week 2 but a refreshed half-played Week 1 stays in its own replay (0.951875ms)
✔ missed remote polls hold the oldest outstanding result and do not unlock later spoilers (0.223ms)
✔ returning older saves start at their latest report while final week holds the season honors (0.137459ms)
✔ campaign, cycle, faction and account scope do not share presentation progress (0.1ms)
✔ malformed or unavailable browser progress falls back without altering the campaign (0.723917ms)
✔ rolling a backup back removes future acknowledgements and changed results cannot reuse an old recap (1.214416ms)
(node:72922) Warning: `--localstorage-file` was provided without a valid path
(Use `node --trace-warnings ...` to show where the warning was created)
✔ compiled standings show the complete weekly field, precise scores, tied ranks, and weekly W–L–T (24.760959ms)
✔ a sixteen-faction recap preserves every faction and uses finalized totals including team adjustments (0.821708ms)
✔ recap binds standings and Heptad to the selected result week even after later results arrive (1.196667ms)
✔ missing or unfinalized selected-week results never substitute the latest weekly table (0.119125ms)
(node:72936) Warning: `--localstorage-file` was provided without a valid path
(Use `node --trace-warnings ...` to show where the warning was created)
✔ the mounted solo tab guides alliance, valid lineup, games, recap and next preparation with one engine advance (1894.0845ms)
✔ host and friend preparation respects shared readiness without allowing a friend to advance (1595.265042ms)
✔ a remote result stays on its viewed week through polling, and refreshed progress resumes the same playback (1259.202291ms)
✔ presentation storage failure keeps the mounted weekly sequence usable in memory (604.08725ms)
✔ a changed legal lineup is saved before kickoff and a preseason recruit cannot be skipped (732.569875ms)
✔ the war council holds an earned claim, then next preparation performs no second kickoff (1465.581125ms)
✔ final shared report reaches an explicit readiness gate and only then continues the dynasty (886.863333ms)
✔ existing v1, v2 and v3 saves enter the guided week and preserve their original scored rules (3355.274875ms)
✔ Season Home opens without advancing and Resume returns to the exact paused Game Day (533.476584ms)
✔ shared polling keeps Home selected, conceals a newly scored week and preserves readiness when resumed (748.652791ms)
✔ Home Resume cannot skip a pending Mahdi draw or an unresolved war council (1336.0165ms)
✔ the mounted library receives explicit local alliance acknowledgement and keeps draft pairings sealed (2346.368ms)
✔ failed guided actions stay beside the current move, can be dismissed, and recover without advancing a week (529.779333ms)
✔ returning campaigns precede setup in DOM and focus order without opening or changing the saved game (631.3315ms)
✔ first expedition reduces new-campaign draft work and preserves the saved campaign (629.452208ms)
✔ recap rivalry uses only supplied revealed standings and distinguishes chasing, ties and a lead (599.596875ms)
✔ Resurrection setup persists its era through the actual create handler without changing existing saves (622.731125ms)
✔ phone Home opens with four destinations and keeps campaign recovery accessible before the alliance reveal (561.452416ms)
✔ phone More remains reachable during paused games and never acknowledges results or advances the campaign (537.378ms)
✔ phone Realm keeps full season details and optional destinations without changing campaign or presentation progress (518.962541ms)
✔ phone Army is read-only and a ready member only unreadies through explicit Edit army (662.4605ms)
✔ phone Army and Realm stay gated while reviewing an older remotely completed week (559.39475ms)
✔ phone-only Army and Realm destinations return to Home when the viewport widens without changing the saved turn (523.331417ms)
✔ phone Army cannot edit a week whose revealed result is still being reviewed (690.560584ms)
✔ expanded choices preserve the fourteen original identities and give every faction a distinct home (3.366459ms)
✔ every playing territory has sourced land geometry, area, and a clipped SVG outline (5.065292ms)
✔ land boundaries and navigable sea routes form one complete board without duplicate edges (5.534791ms)
ℹ tests 392
ℹ suites 0
ℹ pass 392
ℹ fail 0
ℹ cancelled 0
ℹ skipped 0
ℹ todo 0
ℹ duration_ms 34853.914917
