CHECK supabase/functions/admin-analytics-report/index.ts
Check supabase/functions/admin-analytics-report/index.ts
CHECK supabase/functions/admin-delete-user/index.ts
Check supabase/functions/admin-delete-user/index.ts
CHECK supabase/functions/admin-list-users/index.ts
Check supabase/functions/admin-list-users/index.ts
CHECK supabase/functions/ai-analyze/index.ts
Check supabase/functions/ai-analyze/index.ts
CHECK supabase/functions/ai-feedback/index.ts
Check supabase/functions/ai-feedback/index.ts
CHECK supabase/functions/duat/index.ts
Check supabase/functions/duat/index.ts
CHECK supabase/functions/espn-proxy/index.ts
Check supabase/functions/espn-proxy/index.ts
CHECK supabase/functions/feature-requests/index.ts
Check supabase/functions/feature-requests/index.ts
CHECK supabase/functions/fw-billing-portal/index.ts
Check supabase/functions/fw-billing-portal/index.ts
CHECK supabase/functions/fw-change-password/index.ts
Check supabase/functions/fw-change-password/index.ts
CHECK supabase/functions/fw-confirm-password-reset/index.ts
Check supabase/functions/fw-confirm-password-reset/index.ts
CHECK supabase/functions/fw-create-checkout/index.ts
Check supabase/functions/fw-create-checkout/index.ts
CHECK supabase/functions/fw-delete-account/index.ts
Check supabase/functions/fw-delete-account/index.ts
CHECK supabase/functions/fw-oauth-sync/index.ts
Check supabase/functions/fw-oauth-sync/index.ts
CHECK supabase/functions/fw-profile/index.ts
Check supabase/functions/fw-profile/index.ts
CHECK supabase/functions/fw-refresh-session/index.ts
Check supabase/functions/fw-refresh-session/index.ts
CHECK supabase/functions/fw-request-password-reset/index.ts
Check supabase/functions/fw-request-password-reset/index.ts
CHECK supabase/functions/fw-revenuecat-webhook/index.ts
Check supabase/functions/fw-revenuecat-webhook/index.ts
CHECK supabase/functions/fw-signin/index.ts
Check supabase/functions/fw-signin/index.ts
CHECK supabase/functions/fw-signup/index.ts
Check supabase/functions/fw-signup/index.ts
CHECK supabase/functions/fw-stripe-webhook/index.ts
Check supabase/functions/fw-stripe-webhook/index.ts
CHECK supabase/functions/get-session-token/index.ts
Check supabase/functions/get-session-token/index.ts
CHECK supabase/functions/league-cup/index.ts
Check supabase/functions/league-cup/index.ts
CHECK supabase/functions/mfl-proxy/index.ts
Check supabase/functions/mfl-proxy/index.ts
CHECK supabase/functions/nfl-scoreboard/index.ts
Check supabase/functions/nfl-scoreboard/index.ts
CHECK supabase/functions/report-bug/index.ts
Check supabase/functions/report-bug/index.ts
CHECK supabase/functions/set-password/index.ts
Check supabase/functions/set-password/index.ts
CHECK supabase/functions/time-league/index.ts
Check supabase/functions/time-league/index.ts
CHECK supabase/functions/yahoo-proxy/index.ts
Check supabase/functions/yahoo-proxy/index.ts
PASS all retained Edge Function entrypoints
