
> fantasy-war-room@1.0.0 test:workspaces
> node --test tests/league-workspaces.cjs && node tests/player-notebook.cjs && node --test tests/portfolio-consolidation.cjs && node tests/workspace-intelligence.cjs

✔ six stable workspaces retain meaningful deep routes (2.315667ms)
✔ legacy analytics links retain their selected report in its new home (0.222834ms)
✔ blocked deep links and navigation use the same format rules (0.252708ms)
✔ callers cannot mutate shared routing metadata (0.08475ms)
✔ only an untouched previous starter layout receives the new defaults (0.211959ms)
ℹ tests 5
ℹ suites 0
ℹ pass 5
ℹ fail 0
ℹ cancelled 0
ℹ skipped 0
ℹ todo 0
ℹ duration_ms 150.413583
PASS notebook owner/provider/league scopes, migration preservation, action capabilities, contextual handoffs and real player-card actions
PASS saved-targets to waiver-plan mount reuse and view-prop effect ordering
(node:87083) Warning: `--localstorage-file` was provided without a valid path
(Use `node --trace-warnings ...` to show where the warning was created)
ok ownership context counts IR/taxi once, excludes opponents, and preserves unknown coverage
ok hub resumes the last league and puts league work before portfolio and games
ok real Sleeper IDs survive select, back and direct-link restore without crossing accounts
ok Empire exposes four workspaces and every prior specialized view remains reachable
ok full Priority Queue preserves preview records and tracks them into the journal
ok Empire arbitrage and direct Trade Desk state respect Chopped and disabled-trade leagues
ok Commissioner workspace selection preserves legacy desk routes and settings
ok Bylaws and Dues reuse authorized controls while rendering only the selected workflow
PASS 8 portfolio consolidation tests
(node:87085) Warning: `--localstorage-file` was provided without a valid path
(Use `node --trace-warnings ...` to show where the warning was created)
✔ tests/portfolio-consolidation.cjs (787.695041ms)
ℹ tests 1
ℹ suites 0
ℹ pass 1
ℹ fail 0
ℹ cancelled 0
ℹ skipped 0
ℹ todo 0
ℹ duration_ms 797.585083
PASS workspace intelligence: isolated views, acquisition continuity, shared agenda dates, format-aware actions, and compact Home survival
(node:87086) Warning: `--localstorage-file` was provided without a valid path
(Use `node --trace-warnings ...` to show where the warning was created)
