same-input calculation benchmark {
  players: 40,
  universe: 2436,
  beforeMs: 50.89999997615814,
  afterMs: 38.80000001192093,
  equal: true
}
warm phone header {
  loadedMs: 5668,
  actionMs: 5253,
  totalMs: 10921,
  isElitePlayerSelfMs: 379.443,
  topSelfMs: [
    [ '', 3267 ],
    [ '(idle)', 1121 ],
    [ 'place', 1083 ],
    [ 'fantasyCalcCompatibility', 870 ],
    [ '(program)', 638 ],
    [ 'calcRawPts', 571 ]
  ]
}
capture timings [
  { synchronousMs: 134, totalMs: 4095.300000011921, recorded: true },
  {
    synchronousMs: 133.19999998807907,
    totalMs: 3405.800000011921,
    recorded: true
  },
  {
    synchronousMs: 125.19999998807907,
    totalMs: 3164.7999999523163,
    recorded: true
  }
]
