Refreshing run status every 15 seconds. Press Ctrl+C to quit.

* main Deploy to GitHub Pages · 36163031688
Triggered via push less than a minute ago

JOBS
* deploy (ID 108163994423)
  ✓ Set up job
  ✓ Checkout
  ✓ Checkout dhq-shared (canonical shared engine)
  ✓ Setup Node
  ✓ Install dependencies
  ✓ Sync shared engine modules
  * Verify beta release contracts
  * Precompile JSX for production (drop in-browser Babel)
  * Build Pages artifact
  * Setup Pages
  * Upload artifact
  * Deploy to GitHub Pages
  * Post Setup Node
  * Post Checkout dhq-shared (canonical shared engine)
  * Post Checkout
Refreshing run status every 15 seconds. Press Ctrl+C to quit.

* main Deploy to GitHub Pages · 36163031688
Triggered via push about 1 minute ago

JOBS
* deploy (ID 108163994423)
  ✓ Set up job
  ✓ Checkout
  ✓ Checkout dhq-shared (canonical shared engine)
  ✓ Setup Node
  ✓ Install dependencies
  ✓ Sync shared engine modules
  * Verify beta release contracts
  * Precompile JSX for production (drop in-browser Babel)
  * Build Pages artifact
  * Setup Pages
  * Upload artifact
  * Deploy to GitHub Pages
  * Post Setup Node
  * Post Checkout dhq-shared (canonical shared engine)
  * Post Checkout
Refreshing run status every 15 seconds. Press Ctrl+C to quit.

* main Deploy to GitHub Pages · 36163031688
Triggered via push about 1 minute ago

JOBS
* deploy (ID 108163994423)
  ✓ Set up job
  ✓ Checkout
  ✓ Checkout dhq-shared (canonical shared engine)
  ✓ Setup Node
  ✓ Install dependencies
  ✓ Sync shared engine modules
  * Verify beta release contracts
  * Precompile JSX for production (drop in-browser Babel)
  * Build Pages artifact
  * Setup Pages
  * Upload artifact
  * Deploy to GitHub Pages
  * Post Setup Node
  * Post Checkout dhq-shared (canonical shared engine)
  * Post Checkout
Refreshing run status every 15 seconds. Press Ctrl+C to quit.

* main Deploy to GitHub Pages · 36163031688
Triggered via push about 1 minute ago

JOBS
* deploy (ID 108163994423)
  ✓ Set up job
  ✓ Checkout
  ✓ Checkout dhq-shared (canonical shared engine)
  ✓ Setup Node
  ✓ Install dependencies
  ✓ Sync shared engine modules
  * Verify beta release contracts
  * Precompile JSX for production (drop in-browser Babel)
  * Build Pages artifact
  * Setup Pages
  * Upload artifact
  * Deploy to GitHub Pages
  * Post Setup Node
  * Post Checkout dhq-shared (canonical shared engine)
  * Post Checkout
Refreshing run status every 15 seconds. Press Ctrl+C to quit.

* main Deploy to GitHub Pages · 36163031688
Triggered via push about 1 minute ago

JOBS
* deploy (ID 108163994423)
  ✓ Set up job
  ✓ Checkout
  ✓ Checkout dhq-shared (canonical shared engine)
  ✓ Setup Node
  ✓ Install dependencies
  ✓ Sync shared engine modules
  * Verify beta release contracts
  * Precompile JSX for production (drop in-browser Babel)
  * Build Pages artifact
  * Setup Pages
  * Upload artifact
  * Deploy to GitHub Pages
  * Post Setup Node
  * Post Checkout dhq-shared (canonical shared engine)
  * Post Checkout
Refreshing run status every 15 seconds. Press Ctrl+C to quit.

* main Deploy to GitHub Pages · 36163031688
Triggered via push about 2 minutes ago

JOBS
* deploy (ID 108163994423)
  ✓ Set up job
  ✓ Checkout
  ✓ Checkout dhq-shared (canonical shared engine)
  ✓ Setup Node
  ✓ Install dependencies
  ✓ Sync shared engine modules
  * Verify beta release contracts
  * Precompile JSX for production (drop in-browser Babel)
  * Build Pages artifact
  * Setup Pages
  * Upload artifact
  * Deploy to GitHub Pages
  * Post Setup Node
  * Post Checkout dhq-shared (canonical shared engine)
  * Post Checkout
Refreshing run status every 15 seconds. Press Ctrl+C to quit.

* main Deploy to GitHub Pages · 36163031688
Triggered via push about 2 minutes ago

JOBS
* deploy (ID 108163994423)
  ✓ Set up job
  ✓ Checkout
  ✓ Checkout dhq-shared (canonical shared engine)
  ✓ Setup Node
  ✓ Install dependencies
  ✓ Sync shared engine modules
  * Verify beta release contracts
  * Precompile JSX for production (drop in-browser Babel)
  * Build Pages artifact
  * Setup Pages
  * Upload artifact
  * Deploy to GitHub Pages
  * Post Setup Node
  * Post Checkout dhq-shared (canonical shared engine)
  * Post Checkout
Refreshing run status every 15 seconds. Press Ctrl+C to quit.

* main Deploy to GitHub Pages · 36163031688
Triggered via push about 2 minutes ago

JOBS
* deploy (ID 108163994423)
  ✓ Set up job
  ✓ Checkout
  ✓ Checkout dhq-shared (canonical shared engine)
  ✓ Setup Node
  ✓ Install dependencies
  ✓ Sync shared engine modules
  * Verify beta release contracts
  * Precompile JSX for production (drop in-browser Babel)
  * Build Pages artifact
  * Setup Pages
  * Upload artifact
  * Deploy to GitHub Pages
  * Post Setup Node
  * Post Checkout dhq-shared (canonical shared engine)
  * Post Checkout
Refreshing run status every 15 seconds. Press Ctrl+C to quit.

* main Deploy to GitHub Pages · 36163031688
Triggered via push about 2 minutes ago

JOBS
* deploy (ID 108163994423)
  ✓ Set up job
  ✓ Checkout
  ✓ Checkout dhq-shared (canonical shared engine)
  ✓ Setup Node
  ✓ Install dependencies
  ✓ Sync shared engine modules
  * Verify beta release contracts
  * Precompile JSX for production (drop in-browser Babel)
  * Build Pages artifact
  * Setup Pages
  * Upload artifact
  * Deploy to GitHub Pages
  * Post Setup Node
  * Post Checkout dhq-shared (canonical shared engine)
  * Post Checkout
Refreshing run status every 15 seconds. Press Ctrl+C to quit.

* main Deploy to GitHub Pages · 36163031688
Triggered via push about 3 minutes ago

JOBS
* deploy (ID 108163994423)
  ✓ Set up job
  ✓ Checkout
  ✓ Checkout dhq-shared (canonical shared engine)
  ✓ Setup Node
  ✓ Install dependencies
  ✓ Sync shared engine modules
  ✓ Verify beta release contracts
  * Precompile JSX for production (drop in-browser Babel)
  * Build Pages artifact
  * Setup Pages
  * Upload artifact
  * Deploy to GitHub Pages
  * Post Setup Node
  * Post Checkout dhq-shared (canonical shared engine)
  * Post Checkout
Refreshing run status every 15 seconds. Press Ctrl+C to quit.

* main Deploy to GitHub Pages · 36163031688
Triggered via push about 3 minutes ago

JOBS
* deploy (ID 108163994423)
  ✓ Set up job
  ✓ Checkout
  ✓ Checkout dhq-shared (canonical shared engine)
  ✓ Setup Node
  ✓ Install dependencies
  ✓ Sync shared engine modules
  ✓ Verify beta release contracts
  * Precompile JSX for production (drop in-browser Babel)
  * Build Pages artifact
  * Setup Pages
  * Upload artifact
  * Deploy to GitHub Pages
  * Post Setup Node
  * Post Checkout dhq-shared (canonical shared engine)
  * Post Checkout
Refreshing run status every 15 seconds. Press Ctrl+C to quit.

* main Deploy to GitHub Pages · 36163031688
Triggered via push about 3 minutes ago

JOBS
* deploy (ID 108163994423)
  ✓ Set up job
  ✓ Checkout
  ✓ Checkout dhq-shared (canonical shared engine)
  ✓ Setup Node
  ✓ Install dependencies
  ✓ Sync shared engine modules
  ✓ Verify beta release contracts
  ✓ Precompile JSX for production (drop in-browser Babel)
  ✓ Build Pages artifact
  ✓ Setup Pages
  ✓ Upload artifact
  * Deploy to GitHub Pages
  * Post Setup Node
  * Post Checkout dhq-shared (canonical shared engine)
  * Post Checkout
✓ main Deploy to GitHub Pages · 36163031688
Triggered via push about 4 minutes ago

JOBS
✓ deploy in 3m43s (ID 108163994423)
  ✓ Set up job
  ✓ Checkout
  ✓ Checkout dhq-shared (canonical shared engine)
  ✓ Setup Node
  ✓ Install dependencies
  ✓ Sync shared engine modules
  ✓ Verify beta release contracts
  ✓ Precompile JSX for production (drop in-browser Babel)
  ✓ Build Pages artifact
  ✓ Setup Pages
  ✓ Upload artifact
  ✓ Deploy to GitHub Pages
  ✓ Post Setup Node
  ✓ Post Checkout dhq-shared (canonical shared engine)
  ✓ Post Checkout
  ✓ Complete job

ANNOTATIONS
! Node.js 20 is deprecated. The following actions target Node.js 20 but are being forced to run on Node.js 24: actions/checkout@v4, actions/configure-pages@v5, actions/deploy-pages@v4, actions/setup-node@v4, actions/upload-artifact@v4. For more information see: https://github.blog/changelog/2025-09-19-deprecation-of-node-20-on-github-actions-runners/
deploy: .github#4

- "The ubuntu-latest label will migrate to Ubuntu 26 beginning October 19, 2026. For more information, see https://github.com/actions/runner-images/issues/14748"
deploy: .github#1

