PASS 320x740: creation, draft, weekly navigation, persistence and layout
PASS 390x844: creation, draft, weekly navigation, persistence and layout
locator.uncheck: Timeout 30000ms exceeded.
Call log:
[2m  - waiting for locator('.duat-weekly-lineup input:checked').first()[22m
[2m    - locator resolved to <input checked type="checkbox"/>[22m
[2m  - attempting click action[22m
[2m    - waiting for element to be visible, enabled and stable[22m
[2m    - element is visible, enabled and stable[22m
[2m    - scrolling into view if needed[22m
[2m    - done scrolling[22m
[2m    - <footer tabindex="-1" class="duat-weekly-next" aria-label="Week actions">…</footer> intercepts pointer events[22m
[2m  - retrying click action[22m
[2m    - waiting for element to be visible, enabled and stable[22m
[2m    - element is visible, enabled and stable[22m
[2m    - scrolling into view if needed[22m
[2m    - done scrolling[22m
[2m    - <button aria-current="page" aria-label="This week">…</button> from <nav class="duat-phone-dock" aria-label="Duat navigation">…</nav> subtree intercepts pointer events[22m
[2m  - retrying click action[22m
[2m    - waiting 20ms[22m
[2m    - waiting for element to be visible, enabled and stable[22m
[2m    - element is visible, enabled and stable[22m
[2m    - scrolling into view if needed[22m
[2m    - done scrolling[22m
[2m    - <footer tabindex="-1" class="duat-weekly-next" aria-label="Week actions">…</footer> intercepts pointer events[22m
[2m  2 × retrying click action[22m
[2m      - waiting 100ms[22m
[2m      - waiting for element to be visible, enabled and stable[22m
[2m      - element is visible, enabled and stable[22m
[2m      - scrolling into view if needed[22m
[2m      - done scrolling[22m
[2m      - <header class="duat-topbar duat-phone-topbar">…</header> intercepts pointer events[22m
[2m  14 × retrying click action[22m
[2m       - waiting 500ms[22m
[2m       - waiting for element to be visible, enabled and stable[22m
[2m       - element is visible, enabled and stable[22m
[2m       - scrolling into view if needed[22m
[2m       - done scrolling[22m
[2m       - <button aria-current="page" aria-label="This week">…</button> from <nav class="duat-phone-dock" aria-label="Duat navigation">…</nav> subtree intercepts pointer events[22m
[2m     - retrying click action[22m
[2m       - waiting 500ms[22m
[2m       - waiting for element to be visible, enabled and stable[22m
[2m       - element is visible, enabled and stable[22m
[2m       - scrolling into view if needed[22m
[2m       - done scrolling[22m
[2m       - <footer tabindex="-1" class="duat-weekly-next" aria-label="Week actions">…</footer> intercepts pointer events[22m
[2m     - retrying click action[22m
[2m       - waiting 500ms[22m
[2m       - waiting for element to be visible, enabled and stable[22m
[2m       - element is visible, enabled and stable[22m
[2m       - scrolling into view if needed[22m
[2m       - done scrolling[22m
[2m       - <header class="duat-topbar duat-phone-topbar">…</header> intercepts pointer events[22m
[2m     - retrying click action[22m
[2m       - waiting 500ms[22m
[2m       - waiting for element to be visible, enabled and stable[22m
[2m       - element is visible, enabled and stable[22m
[2m       - scrolling into view if needed[22m
[2m       - done scrolling[22m
[2m       - <header class="duat-topbar duat-phone-topbar">…</header> intercepts pointer events[22m
[2m  - retrying click action[22m
[2m    - waiting 500ms[22m
[2m    - waiting for element to be visible, enabled and stable[22m
[2m    - element is visible, enabled and stable[22m
[2m    - scrolling into view if needed[22m
[2m    - done scrolling[22m
[2m    - <button aria-current="page" aria-label="This week">…</button> from <nav class="duat-phone-dock" aria-label="Duat navigation">…</nav> subtree intercepts pointer events[22m
[2m  - retrying click action[22m
[2m    - waiting 500ms[22m

    at /Users/jacobc/Projects/warroom-polish-20260925/tests/duat-polish-browser.cjs:77:68
